C51 COMPILER V9.00   MAIN                                                                  07/13/2019 20:48:53 PAGE 1   


C51 COMPILER V9.00, COMPILATION OF MODULE MAIN
OBJECT MODULE PLACED IN .\Objects\main.obj
COMPILER INVOKED BY: F:\workApp\Keil_v5\C51\BIN\C51.EXE main.c BROWSE DEBUG OBJECTEXTEND PRINT(.\Listings\main.lst) OBJE
                    -CT(.\Objects\main.obj)

line level    source

   1          /*********************************************************************************************************
   2          *名称：OLED显示屏
   3          *功能：在屏幕中显示ASCII码
   4          创建时间：2019/7/7
   5          修改时间：2019/XX/XX
   6          作者：李诗琪
   7          *********************************************************************************************************/
   8          
   9          #include "includes.h"
*** WARNING C318 IN LINE 12 OF includes.h: can't open file 'STC12C5A.H'
*** WARNING C318 IN LINE 13 OF i2c/i2c.h: can't open file 'STC12C5A.H'
*** ERROR C202 IN LINE 19 OF I2C/I2C.H: 'P2': undefined identifier
*** ERROR C202 IN LINE 20 OF I2C/I2C.H: 'P2': undefined identifier
  10          
  11          int main(void)
  12          {
  13   1              OLED_Init();
  14   1              
  15   1              while(1)
  16   1              {
  17   2      
  18   2                      OLED_P8x16Str(0,0,"ABCDEF");//第一行 -- 8x16的显示单元显示ASCII码
  19   2      
  20   2                      OLED_P8x16Str(0,2,"ABCD ABCDEFG");
  21   2      
  22   2                      OLED_P8x16Str(0,4,"ABCDEFGHIJKLM");
  23   2      
  24   2                      OLED_P6x8Str(0,6,"ABCDEFGHIJKLMNOPQRS");
  25   2      
  26   2                      OLED_P6x8Str(0,7,"ABCDEFGHIJKLMNOPQ");
  27   2      
  28   2                      Delay_ms(4000);
  29   2      
  30   2                      OLED_CLS();
  31   2      
  32   2              }
  33   1      }

C51 COMPILATION COMPLETE.  2 WARNING(S),  2 ERROR(S)
