C51 COMPILER V9.01   SMGDISPLAY                                                            07/05/2019 11:11:04 PAGE 1   


C51 COMPILER V9.01, COMPILATION OF MODULE SMGDISPLAY
OBJECT MODULE PLACED IN smgdisplay.obj
COMPILER INVOKED BY: C:\Keil\C51\BIN\C51.EXE smgdisplay\smgdisplay.c BROWSE DEBUG OBJECTEXTEND PRINT(.\smgdisplay.lst) O
                    -BJECT(smgdisplay.obj)

line level    source

   1          
   2          /*********************************************************************************************************
   3          *名称：smgdisplay.c
   4          *功能：数码管显示所用到的函数
   5          创建时间：2019/7/5
   6          修改时间：2019/7/5
   7          作者：黄剑桥
   8          *********************************************************************************************************/
   9          #include "smgdisplay.h"
  10          U8 shuju[8]={0,1,2,3,4,5,6,7};   //储存数码管显示的值
  11          U8 code DuanMa[]={0xC0,0xF9,0xA4,0xB0,0x99,0x92,0x82,0xF8,0x80,0x90,0x8C,0xBF,0xC6,0xA1,0x86,0xFF,0xbf};
  12          U8 code WeiMa[]={0x01,0x02,0x04,0x08,0x10,0x20,0x40,0x80};
  13          /**************************************************************************
  14          * 函数名称： DisplayData
  15          * 参数：         JNdata
  16          * 功能：     向hc595传送一个字节
  17          ******************************************************************************/    
  18          void DisplayData (U8 JNdata)
  19          {
  20   1          U16 i;
  21   1              for(i=0;i<8;i++)
  22   1              {
  23   2          if (JNdata&0x80) DIO=1;
  24   2               else DIO=0;                    //先读入高位   x&0x80;                          
  25   2              SCLK=0;
  26   2              SCLK=1; //SCLK引脚的上升沿移入数据
  27   2              JNdata<<=1;             //数据向左移一位
  28   2              }  
  29   1      }
  30           /**************************************************************************
  31          * 函数名称： DisplayAddr
  32          * 参数：         j  显示的数据
  33          * 功能：     在指定的位置显示指定的数据（指定的位置需要在这个函数控制）
  34          ******************************************************************************/
  35          void DisplayAddr(U16 j,U8 i)
  36          {
  37   1          U8 sum;
  38   1              U8 code *Data;//查表指针
  39   1              Data = DuanMa+shuju[j];
  40   1              sum=*Data;
  41   1              DisplayData(sum); //sum就是显示的值
  42   1              DisplayData(WeiMa[i]);//0x02即点亮第二个数码管
  43   1              RCLK=0;
  44   1              RCLK=1;//RCLK引脚更新数据                                         
  45   1              Delay_us(100);
  46   1              
  47   1      
  48   1      }
  49          /*****************************************************************
  50          函数：Display
  51          功能：从99显示到0
  52          ********************************************************************/
  53          void Display()
  54          {
C51 COMPILER V9.01   SMGDISPLAY                                                            07/05/2019 11:11:04 PAGE 2   

  55   1         U8 i,j,num=99;
  56   1      
  57   1              while(1)
  58   1              {
  59   2      
  60   2          for(i=0;i<2;i++)            //for循环，不断点亮数码管
  61   2          {
  62   3               
  63   3           switch(i)
  64   3          {
  65   4                      case(0):
  66   4                                      DisplayAddr(num/10,3); break;//显示第千位
  67   4                              case(1):
  68   4                                      DisplayAddr(num%10,2); break;//显示第百位
  69   4                                      
  70   4              j=10;
  71   4              while(j--);             
  72   4              P2=0x00;                                
  73   4                      
  74   4          }
  75   3      
  76   3              }
  77   2              
  78   2                      num--;          //数码管数自减
  79   2              if(num==0)         // 显示的数若为0，则重新赋值99
  80   2              {
  81   3           num=99;
  82   3               }
  83   2          } 
  84   1      }


MODULE INFORMATION:   STATIC OVERLAYABLE
   CODE SIZE        =    134    ----
   CONSTANT SIZE    =     25    ----
   XDATA SIZE       =   ----    ----
   PDATA SIZE       =   ----    ----
   DATA SIZE        =      8       3
   IDATA SIZE       =   ----    ----
   BIT SIZE         =   ----    ----
END OF MODULE INFORMATION.


C51 COMPILATION COMPLETE.  0 WARNING(S),  0 ERROR(S)
