C51 COMPILER V9.01   MAIN                                                                  07/07/2019 22:27:25 PAGE 1   


C51 COMPILER V9.01, COMPILATION OF MODULE MAIN
OBJECT MODULE PLACED IN main.OBJ
COMPILER INVOKED BY: F:\KEIL4\C51\BIN\C51.EXE main.c BROWSE DEBUG OBJECTEXTEND

line level    source

   1          /****************************************************/
   2          /*                              该程序用于呼吸灯                                        */
   3          /*模块0的PWM输出管脚为P1.3       模块1的PWM输出管脚为1.4*/
   4          /*      修改时间：2019年7月7日                                                  */
   5          /*      作者：曾思茹                                                                    */
   6          /****************************************************/  
   7          
   8          #include <STC12C5A.H>
   9          unsigned char CCAP[10]={16,32,64,80,128,150,180,200,228,250}; //用于调配占空比
  10          
  11          /************************************/
  12          /*              函数名：Init_PWM                    */
  13          /*                                                                      */
  14          /************************************/
  15          
  16          void Init_PWM()         //  PWM功能的初始化
  17          {
  18   1          CMOD = 0X02;        //  设置脉冲源   系统时钟2
  19   1       
  20   1          CCAPM0 = 0X42;      //  开启比较器，允许输出脉宽调制信号
  21   1          PCA_PWM0 = 0X00;    //  组成9位比较器
  22   1          CCAP0L = 0x80;      //  比较器中的初值
  23   1          CCAP0H = 0X80;      //  比较器初值
  24   1          CL=0;   //  装载值为0
  25   1          CR =1;  //  启动计数模式
  26   1      }
  27           
  28          /****************************************************/
  29          /*                   延时函数                       */
  30          /*                      函数名：PWM_dalay                                               */
  31          /****************************************************/  
  32          void PWM_dalay()
  33          {
  34   1              int a=4000;
  35   1              while(--a);
  36   1              while(--a);
  37   1      /*之所以循环两次是因为延时时间不够转换速度太快现象会没那么明显*/
  38   1      }
  39          
  40          
  41          /****************************************************/
  42          /*         赋值给CCAP0H用于改变占空比               */
  43          /*          函数名：PWM_change                                  */
  44          /****************************************************/
  45          void PWM_change()
  46          {
  47   1              int i;
  48   1              for(i=0;i<10;i++)
  49   1              {
  50   2                      CCAP0H=CCAP[i]; //
  51   2                      PWM_dalay();
  52   2              }
  53   1      
  54   1      }
  55          
C51 COMPILER V9.01   MAIN                                                                  07/07/2019 22:27:25 PAGE 2   

  56          /************************************/
  57          /*                                                                  */
  58          /*                      主函数                              */
  59          /************************************/
  60          void main()
  61          {
  62   1          Init_PWM();//初始化PWM
  63   1              while(1)
  64   1              {
  65   2                      PWM_change(); //改变占空比从而改变输出电压
  66   2              }
  67   1      }
  68          


MODULE INFORMATION:   STATIC OVERLAYABLE
   CODE SIZE        =     76    ----
   CONSTANT SIZE    =   ----    ----
   XDATA SIZE       =   ----    ----
   PDATA SIZE       =   ----    ----
   DATA SIZE        =     10    ----
   IDATA SIZE       =   ----    ----
   BIT SIZE         =   ----    ----
END OF MODULE INFORMATION.


C51 COMPILATION COMPLETE.  0 WARNING(S),  0 ERROR(S)
