C51 COMPILER V9.00   MAIN                                                                  07/15/2019 09:14:35 PAGE 1   


C51 COMPILER V9.00, COMPILATION OF MODULE MAIN
OBJECT MODULE PLACED IN .\Objects\main.obj
COMPILER INVOKED BY: D:\单片机\C51\BIN\C51.EXE main.c BROWSE DEBUG OBJECTEXTEND PRINT(.\Listings\main.lst) OBJECT(.\Obje
                    -cts\main.obj)

line level    source

   1          /*********************************************************************************************************
   2          *名称：RGB
   3          *功能：RGB显示
   4          创建时间：2019/7/6
   5          修改时间：2019/XX/XX
   6          作者：李诗琪
   7          *********************************************************************************************************/
   8          
   9          #include "includes.h"
  10          
  11          int main()
  12          {
  13   1              while(1)
  14   1              {
  15   2                      Display1();     //各种颜色灯单个点亮左右流动
  16   2                      
  17   2                      Display2();     //各种颜色灯逐个点亮左右流动
  18   2                      
  19   2                      Display3();     //各种颜色灯全部点亮一个熄灭的灯左右流动        
  20   2              }
  21   1      }


MODULE INFORMATION:   STATIC OVERLAYABLE
   CODE SIZE        =     11    ----
   CONSTANT SIZE    =   ----    ----
   XDATA SIZE       =   ----    ----
   PDATA SIZE       =   ----    ----
   DATA SIZE        =   ----    ----
   IDATA SIZE       =   ----    ----
   BIT SIZE         =   ----    ----
END OF MODULE INFORMATION.


C51 COMPILATION COMPLETE.  0 WARNING(S),  0 ERROR(S)
