C51 COMPILER V9.00   OLED_INIT                                                             07/12/2019 14:21:35 PAGE 1   


C51 COMPILER V9.00, COMPILATION OF MODULE OLED_INIT
OBJECT MODULE PLACED IN .\Objects\OLED_Init.obj
COMPILER INVOKED BY: D:\单片机\C51\BIN\C51.EXE OLED_Init\OLED_Init.c BROWSE DEBUG OBJECTEXTEND PRINT(.\Listings\OLED_Ini
                    -t.lst) OBJECT(.\Objects\OLED_Init.obj)

line level    source

   1          /*********************************************************************************************************
   2          *名称：OLED_Init.c
   3          *功能：延时所用到的函数
   4          创建时间：2019/7/5
   5          修改时间：2019/XX/XX
   6          作者：XXX
   7          **********************************************************************************************************
             -/
   8          
   9          #include "OLED_Init.h"
  10          
  11          /*******************************************************************************
  12          * 函 数 名         : OLED_Init
  13          * 函数功能                 : 初始化函数
  14          *******************************************************************************/
  15          
  16          void OLED_init(void)
  17          {
  18   1              Delay_ms(500);  //初始化之前的延时
  19   1      
  20   1              OLED_WrCmd(0xae);       //--关闭oled面板
  21   1      
  22   1              OLED_WrCmd(0x00);       //---设置低列地址
  23   1      
  24   1              OLED_WrCmd(0x10);       //---设置高列地址
  25   1      
  26   1              OLED_WrCmd(0x40);       //--设置起始行地址集映射RAM显示起始行（0x00-0x3F)
  27   1      
  28   1              OLED_WrCmd(0x81);       //--设置对比度控制寄存器
  29   1      
  30   1              OLED_WrCmd(Brightness); //--设置SEG输出电流亮度
  31   1      
  32   1              OLED_WrCmd(0xa1);       //--列映射     0xa0左右反置 0xa1正常
  33   1      
  34   1              OLED_WrCmd(0xc8);       //--设置扫描方向   0xc0上下反置 0xc8正常
  35   1      
  36   1              OLED_WrCmd(0xa6);       //--设置正常显示
  37   1      
  38   1              OLED_WrCmd(0xa8);       //--设置多路复用率(1 to 64)
  39   1      
  40   1              OLED_WrCmd(0x3f);       //--1/64 
  41   1      
  42   1              OLED_WrCmd(0xd3);       //--设置显示偏移位移映射RAM计数器 (0x00~0x3F)
  43   1      
  44   1              OLED_WrCmd(0x00);       //--不设置
  45   1      
  46   1              OLED_WrCmd(0xd5);       //--设置显示时钟分频比/振荡器频率
  47   1      
  48   1              OLED_WrCmd(0x80);       //--设置风频比，设置时钟为100
  49   1      
  50   1              OLED_WrCmd(0xd9);       //--设置 pre-charge 时期
  51   1      
  52   1              OLED_WrCmd(0xf1);       //--设置预充15个时钟，放电1个时钟
  53   1      
C51 COMPILER V9.00   OLED_INIT                                                             07/12/2019 14:21:35 PAGE 2   

  54   1              OLED_WrCmd(0xda);       //--设置硬件配置
  55   1      
  56   1              OLED_WrCmd(0x12);
  57   1      
  58   1              OLED_WrCmd(0xdb);       //--设置 vcomh
  59   1      
  60   1              OLED_WrCmd(0x40);       //--设置 VCOM 取消选择级别
  61   1      
  62   1              OLED_WrCmd(0x20);       //--设置页面寻址模式 (0x00/0x01/0x02)
  63   1      
  64   1              OLED_WrCmd(0x02);       //
  65   1      
  66   1              OLED_WrCmd(0x8d);       //--设置充电泵启用/禁用
  67   1      
  68   1              OLED_WrCmd(0x14);       //--设置(0x10) 禁用
  69   1      
  70   1              OLED_WrCmd(0xa4);       //--禁止用整个显示 (0xa4/0xa5)
  71   1      
  72   1              OLED_WrCmd(0xa6);       //--在 (0xa6/a7)上禁止反向显示 
  73   1      
  74   1              OLED_WrCmd(0xaf);       //--开启 oled面板
  75   1      
  76   1              OLED_Fill(0x00);        //--初始清屏
  77   1      
  78   1              OLED_Set_Pos(0,0);
  79   1      
  80   1      }


MODULE INFORMATION:   STATIC OVERLAYABLE
   CODE SIZE        =    158    ----
   CONSTANT SIZE    =   ----    ----
   XDATA SIZE       =   ----    ----
   PDATA SIZE       =   ----    ----
   DATA SIZE        =   ----    ----
   IDATA SIZE       =   ----    ----
   BIT SIZE         =   ----    ----
END OF MODULE INFORMATION.


C51 COMPILATION COMPLETE.  0 WARNING(S),  0 ERROR(S)
